// Jest Snapshot v1, https://goo.gl/fbAQLP

exports[`ProjectTags renders 1`] = `
.glamor-39 {
  background: #fff;
  border: 1px solid;
  margin-bottom: 30px;
  position: relative;
}

.glamor-11 {
  border-bottom: 1px solid;
  border-radius: 0 0;
  background: padding:15px 20px;
  text-transform: uppercase;
  font-size: 13px;
}

.glamor-7 {
  font-size: inherit;
  text-transform: inherit;
  margin: 0;
}

.glamor-5 {
  font-size: 12px;
  font-weight: 600;
  text-transform: uppercase;
  margin-bottom: 20px;
  font-size: inherit;
  text-transform: inherit;
  margin: 0;
}

.glamor-2 {
  box-sizing: border-box;
  display: -webkit-box;
  display: -webkit-flex;
  display: -ms-flexbox;
  display: flex;
}

.glamor-0 {
  box-sizing: border-box;
  -webkit-flex: 1;
  -ms-flex: 1;
  flex: 1;
}

.glamor-21 {
  box-sizing: border-box;
  display: -webkit-box;
  display: -webkit-flex;
  display: -ms-flexbox;
  display: flex;
  border-bottom: 1px solid;
}

.glamor-21:last-child {
  border: 0;
}

.glamor-17 {
  box-sizing: border-box;
  padding: 16px;
  -webkit-flex: 1;
  -ms-flex: 1;
  flex: 1;
  display: -webkit-box;
  display: -webkit-flex;
  display: -ms-flexbox;
  display: flex;
  -webkit-flex-direction: column;
  -ms-flex-direction: column;
  flex-direction: column;
  -webkit-box-pack: center;
  -webkit-justify-content: center;
  -ms-flex-pack: center;
  justify-content: center;
}

.glamor-13 {
  box-sizing: border-box;
  margin-bottom: 8px;
}

.glamor-15 {
  font-size: 0.8em;
}

.glamor-19 {
  box-sizing: border-box;
  padding: 16px;
  display: -webkit-box;
  display: -webkit-flex;
  display: -ms-flexbox;
  display: flex;
  -webkit-align-items: center;
  -webkit-box-align: center;
  -ms-flex-align: center;
  align-items: center;
}

<ProjectTags
  params={
    Object {
      "orgId": "org-slug",
      "projectId": "project-slug",
    }
  }
>
  <DocumentTitle
    title="Sentry"
  >
    <div>
      <h2>
        Tags
      </h2>
      <p>
        Each event in Sentry may be annotated with various tags (key and value pairs). Learn how to
         
        <ExternalLink
          href="https://docs.sentry.io/hosted/learn/context/"
          rel="noreferrer noopener"
          target="_blank"
        >
          <a
            href="https://docs.sentry.io/hosted/learn/context/"
            rel="noreferrer noopener"
            target="_blank"
          >
            add custom tags
          </a>
        </ExternalLink>
        .
      </p>
      <Styled(div)>
        <div
          className="glamor-39 glamor-40"
        >
          <PanelHeader>
            <Styled(div)>
              <div
                className="glamor-11 glamor-12"
              >
                <Styled(Component)>
                  <Component
                    className="glamor-7 glamor-4"
                  >
                    <Styled(div)
                      className="glamor-7 glamor-4"
                    >
                      <div
                        className="glamor-4 glamor-5 glamor-6"
                      >
                        <Flex>
                          <Base
                            className="glamor-2"
                          >
                            <div
                              className="glamor-2"
                              is={null}
                            >
                              <Box
                                flex="1"
                              >
                                <Base
                                  className="glamor-0"
                                  flex="1"
                                >
                                  <div
                                    className="glamor-0"
                                    is={null}
                                  >
                                    Tags
                                  </div>
                                </Base>
                              </Box>
                            </div>
                          </Base>
                        </Flex>
                      </div>
                    </Styled(div)>
                  </Component>
                </Styled(Component)>
              </div>
            </Styled(div)>
          </PanelHeader>
          <Styled(div)>
            <div
              className="glamor-37 glamor-38"
            >
              <Styled(Base)
                key="browser"
              >
                <Base
                  className="glamor-21 glamor-22"
                >
                  <div
                    className="glamor-21 glamor-22"
                    is={null}
                  >
                    <Flex
                      direction="column"
                      flex="1"
                      justify="center"
                      p={2}
                    >
                      <Base
                        className="glamor-17"
                        direction="column"
                        flex="1"
                        justify="center"
                        p={2}
                      >
                        <div
                          className="glamor-17"
                          is={null}
                        >
                          <Box
                            mb={1}
                          >
                            <Base
                              className="glamor-13"
                              mb={1}
                            >
                              <div
                                className="glamor-13"
                                is={null}
                              >
                                Browser
                              </div>
                            </Base>
                          </Box>
                          <Styled(div)>
                            <div
                              className="glamor-15 glamor-16"
                            >
                              browser
                            </div>
                          </Styled(div)>
                        </div>
                      </Base>
                    </Flex>
                    <Flex
                      align="center"
                      p={2}
                    >
                      <Base
                        align="center"
                        className="glamor-19"
                        p={2}
                      >
                        <div
                          className="glamor-19"
                          is={null}
                        >
                          <LinkWithConfirmation
                            className="btn btn-sm btn-default"
                            message="Are you sure you want to remove this tag?"
                            onConfirm={[Function]}
                            title="Remove tag?"
                          >
                            <Confirm
                              cancelText="Cancel"
                              confirmText="Confirm"
                              message="Are you sure you want to remove this tag?"
                              onConfirm={[Function]}
                              priority="primary"
                            >
                              <a
                                className="btn btn-sm btn-default"
                                onClick={[Function]}
                                title="Remove tag?"
                              >
                                <span
                                  className="icon icon-trash"
                                />
                                <Modal
                                  animation={false}
                                  autoFocus={true}
                                  backdrop={true}
                                  bsClass="modal"
                                  dialogComponentClass={[Function]}
                                  enforceFocus={true}
                                  key="confirm"
                                  keyboard={true}
                                  manager={
                                    ModalManager {
                                      "containers": Array [],
                                      "data": Array [],
                                      "handleContainerOverflow": true,
                                      "hideSiblingNodes": true,
                                      "modals": Array [],
                                    }
                                  }
                                  onHide={[Function]}
                                  renderBackdrop={[Function]}
                                  restoreFocus={true}
                                  show={false}
                                >
                                  <Modal
                                    autoFocus={true}
                                    backdrop={true}
                                    backdropClassName="modal-backdrop"
                                    backdropTransitionTimeout={150}
                                    containerClassName="modal-open"
                                    dialogTransitionTimeout={300}
                                    enforceFocus={true}
                                    keyboard={true}
                                    manager={
                                      ModalManager {
                                        "containers": Array [],
                                        "data": Array [],
                                        "handleContainerOverflow": true,
                                        "hideSiblingNodes": true,
                                        "modals": Array [],
                                      }
                                    }
                                    onEntering={[Function]}
                                    onExited={[Function]}
                                    onHide={[Function]}
                                    renderBackdrop={[Function]}
                                    restoreFocus={true}
                                    show={false}
                                  />
                                </Modal>
                              </a>
                            </Confirm>
                          </LinkWithConfirmation>
                        </div>
                      </Base>
                    </Flex>
                  </div>
                </Base>
              </Styled(Base)>
              <Styled(Base)
                key="device"
              >
                <Base
                  className="glamor-21 glamor-22"
                >
                  <div
                    className="glamor-21 glamor-22"
                    is={null}
                  >
                    <Flex
                      direction="column"
                      flex="1"
                      justify="center"
                      p={2}
                    >
                      <Base
                        className="glamor-17"
                        direction="column"
                        flex="1"
                        justify="center"
                        p={2}
                      >
                        <div
                          className="glamor-17"
                          is={null}
                        >
                          <Box
                            mb={1}
                          >
                            <Base
                              className="glamor-13"
                              mb={1}
                            >
                              <div
                                className="glamor-13"
                                is={null}
                              >
                                Device
                              </div>
                            </Base>
                          </Box>
                          <Styled(div)>
                            <div
                              className="glamor-15 glamor-16"
                            >
                              device
                            </div>
                          </Styled(div)>
                        </div>
                      </Base>
                    </Flex>
                    <Flex
                      align="center"
                      p={2}
                    >
                      <Base
                        align="center"
                        className="glamor-19"
                        p={2}
                      >
                        <div
                          className="glamor-19"
                          is={null}
                        >
                          <LinkWithConfirmation
                            className="btn btn-sm btn-default"
                            message="Are you sure you want to remove this tag?"
                            onConfirm={[Function]}
                            title="Remove tag?"
                          >
                            <Confirm
                              cancelText="Cancel"
                              confirmText="Confirm"
                              message="Are you sure you want to remove this tag?"
                              onConfirm={[Function]}
                              priority="primary"
                            >
                              <a
                                className="btn btn-sm btn-default"
                                onClick={[Function]}
                                title="Remove tag?"
                              >
                                <span
                                  className="icon icon-trash"
                                />
                                <Modal
                                  animation={false}
                                  autoFocus={true}
                                  backdrop={true}
                                  bsClass="modal"
                                  dialogComponentClass={[Function]}
                                  enforceFocus={true}
                                  key="confirm"
                                  keyboard={true}
                                  manager={
                                    ModalManager {
                                      "containers": Array [],
                                      "data": Array [],
                                      "handleContainerOverflow": true,
                                      "hideSiblingNodes": true,
                                      "modals": Array [],
                                    }
                                  }
                                  onHide={[Function]}
                                  renderBackdrop={[Function]}
                                  restoreFocus={true}
                                  show={false}
                                >
                                  <Modal
                                    autoFocus={true}
                                    backdrop={true}
                                    backdropClassName="modal-backdrop"
                                    backdropTransitionTimeout={150}
                                    containerClassName="modal-open"
                                    dialogTransitionTimeout={300}
                                    enforceFocus={true}
                                    keyboard={true}
                                    manager={
                                      ModalManager {
                                        "containers": Array [],
                                        "data": Array [],
                                        "handleContainerOverflow": true,
                                        "hideSiblingNodes": true,
                                        "modals": Array [],
                                      }
                                    }
                                    onEntering={[Function]}
                                    onExited={[Function]}
                                    onHide={[Function]}
                                    renderBackdrop={[Function]}
                                    restoreFocus={true}
                                    show={false}
                                  />
                                </Modal>
                              </a>
                            </Confirm>
                          </LinkWithConfirmation>
                        </div>
                      </Base>
                    </Flex>
                  </div>
                </Base>
              </Styled(Base)>
            </div>
          </Styled(div)>
        </div>
      </Styled(div)>
    </div>
  </DocumentTitle>
</ProjectTags>
`;
